// Jest Snapshot v1, https://goo.gl/fbAQLP

exports[`App component basic shallow test Render main component 1`] = `
<div>
  waiting for data
</div>
`;
