// Jest Snapshot v1, https://goo.gl/fbAQLP

exports[`Body component basic shallow test Render Body component 1`] = `
<Context.Consumer>
  [Function]
</Context.Consumer>
`;
